TRANSLATED	ATCG00500.1	100.0	489	0	0	1	1467	1	489	2.5e-270	928.3
